Repo root not found in this execution context; using installed packages and local paths.
Using data root: /raid/condor/lib/condor/execute/dir_33298/data/MNISTsp
Using device: cuda

===== B-Cos Run 1/3 | Seed: 42 =====
Loading dataset...
Dataset loaded. Train size: 54000, Val size: 6000, Test size: 10000
Starting training...
Epoch 001/100, Train Loss: 2.8485, Val Loss: 2.1300, Val Acc: 0.2012, Val F1: 0.1251, LR: 0.001000
Epoch 002/100, Train Loss: 2.7490, Val Loss: 2.1165, Val Acc: 0.2167, Val F1: 0.1256, LR: 0.000999
Epoch 003/100, Train Loss: 1.9690, Val Loss: 1.9591, Val Acc: 0.2742, Val F1: 0.2051, LR: 0.000998
Epoch 004/100, Train Loss: 1.9169, Val Loss: 1.8743, Val Acc: 0.3245, Val F1: 0.2753, LR: 0.000996
Epoch 005/100, Train Loss: 1.8724, Val Loss: 1.8185, Val Acc: 0.3550, Val F1: 0.3124, LR: 0.000994
Epoch 006/100, Train Loss: 1.8313, Val Loss: 1.7627, Val Acc: 0.3815, Val F1: 0.3206, LR: 0.000991
Epoch 007/100, Train Loss: 1.7740, Val Loss: 1.7034, Val Acc: 0.3898, Val F1: 0.3489, LR: 0.000988
Epoch 008/100, Train Loss: 1.7385, Val Loss: 1.6599, Val Acc: 0.4067, Val F1: 0.3842, LR: 0.000984
Epoch 009/100, Train Loss: 1.8220, Val Loss: 1.6761, Val Acc: 0.3957, Val F1: 0.3506, LR: 0.000980
Epoch 010/100, Train Loss: 1.6629, Val Loss: 1.5776, Val Acc: 0.4435, Val F1: 0.4251, LR: 0.000976
Epoch 011/100, Train Loss: 1.6241, Val Loss: 1.5680, Val Acc: 0.4610, Val F1: 0.4419, LR: 0.000970
Epoch 012/100, Train Loss: 1.5442, Val Loss: 1.4252, Val Acc: 0.5000, Val F1: 0.4700, LR: 0.000965
Epoch 013/100, Train Loss: 1.7784, Val Loss: 1.7905, Val Acc: 0.3797, Val F1: 0.3426, LR: 0.000959
Epoch 014/100, Train Loss: 1.6440, Val Loss: 1.5491, Val Acc: 0.4635, Val F1: 0.4356, LR: 0.000952
Epoch 015/100, Train Loss: 1.4685, Val Loss: 1.3327, Val Acc: 0.5413, Val F1: 0.5286, LR: 0.000946
Epoch 016/100, Train Loss: 1.3873, Val Loss: 1.4085, Val Acc: 0.4947, Val F1: 0.4853, LR: 0.000938
Epoch 017/100, Train Loss: 1.3564, Val Loss: 1.2926, Val Acc: 0.5560, Val F1: 0.5401, LR: 0.000930
Epoch 018/100, Train Loss: 1.3115, Val Loss: 1.2305, Val Acc: 0.5835, Val F1: 0.5723, LR: 0.000922
Epoch 019/100, Train Loss: 1.2689, Val Loss: 1.2198, Val Acc: 0.5800, Val F1: 0.5679, LR: 0.000914
Epoch 020/100, Train Loss: 1.2518, Val Loss: 1.1781, Val Acc: 0.6065, Val F1: 0.5982, LR: 0.000905
Epoch 021/100, Train Loss: 1.2246, Val Loss: 1.1948, Val Acc: 0.5872, Val F1: 0.5743, LR: 0.000895
Epoch 022/100, Train Loss: 1.2003, Val Loss: 1.1533, Val Acc: 0.6118, Val F1: 0.6075, LR: 0.000885
Epoch 023/100, Train Loss: 1.1856, Val Loss: 1.1464, Val Acc: 0.6105, Val F1: 0.6002, LR: 0.000875
Epoch 024/100, Train Loss: 1.1641, Val Loss: 1.1391, Val Acc: 0.6132, Val F1: 0.6055, LR: 0.000865
Epoch 025/100, Train Loss: 1.1586, Val Loss: 1.0922, Val Acc: 0.6287, Val F1: 0.6223, LR: 0.000854
Epoch 026/100, Train Loss: 1.1386, Val Loss: 1.1538, Val Acc: 0.6060, Val F1: 0.5908, LR: 0.000842
Epoch 027/100, Train Loss: 1.1243, Val Loss: 1.0922, Val Acc: 0.6277, Val F1: 0.6208, LR: 0.000831
Epoch 028/100, Train Loss: 1.1193, Val Loss: 1.0504, Val Acc: 0.6395, Val F1: 0.6309, LR: 0.000819
Epoch 029/100, Train Loss: 1.1993, Val Loss: 1.0697, Val Acc: 0.6445, Val F1: 0.6372, LR: 0.000807
Epoch 030/100, Train Loss: 1.1085, Val Loss: 1.0600, Val Acc: 0.6480, Val F1: 0.6429, LR: 0.000794
Epoch 031/100, Train Loss: 1.0887, Val Loss: 1.0588, Val Acc: 0.6570, Val F1: 0.6504, LR: 0.000781
Epoch 032/100, Train Loss: 1.0775, Val Loss: 1.0236, Val Acc: 0.6565, Val F1: 0.6487, LR: 0.000768
Epoch 033/100, Train Loss: 1.0706, Val Loss: 1.0641, Val Acc: 0.6312, Val F1: 0.6211, LR: 0.000755
Epoch 034/100, Train Loss: 1.0687, Val Loss: 1.0462, Val Acc: 0.6488, Val F1: 0.6428, LR: 0.000741
Epoch 035/100, Train Loss: 1.0488, Val Loss: 1.0259, Val Acc: 0.6515, Val F1: 0.6459, LR: 0.000727
Epoch 036/100, Train Loss: 1.0466, Val Loss: 1.0227, Val Acc: 0.6555, Val F1: 0.6485, LR: 0.000713
Epoch 037/100, Train Loss: 1.0635, Val Loss: 1.0407, Val Acc: 0.6507, Val F1: 0.6381, LR: 0.000699
Epoch 038/100, Train Loss: 1.0341, Val Loss: 0.9866, Val Acc: 0.6755, Val F1: 0.6758, LR: 0.000684
Epoch 039/100, Train Loss: 1.0191, Val Loss: 1.0045, Val Acc: 0.6715, Val F1: 0.6694, LR: 0.000670
Epoch 040/100, Train Loss: 1.0223, Val Loss: 0.9802, Val Acc: 0.6680, Val F1: 0.6686, LR: 0.000655
Epoch 041/100, Train Loss: 1.0117, Val Loss: 0.9811, Val Acc: 0.6685, Val F1: 0.6601, LR: 0.000640
Epoch 042/100, Train Loss: 1.0095, Val Loss: 0.9383, Val Acc: 0.6890, Val F1: 0.6868, LR: 0.000625
Epoch 043/100, Train Loss: 0.9991, Val Loss: 0.9624, Val Acc: 0.6772, Val F1: 0.6731, LR: 0.000609
Epoch 044/100, Train Loss: 0.9973, Val Loss: 0.9947, Val Acc: 0.6695, Val F1: 0.6694, LR: 0.000594
Epoch 045/100, Train Loss: 1.0049, Val Loss: 0.9633, Val Acc: 0.6810, Val F1: 0.6826, LR: 0.000579
Epoch 046/100, Train Loss: 0.9835, Val Loss: 1.0227, Val Acc: 0.6562, Val F1: 0.6547, LR: 0.000563
Epoch 047/100, Train Loss: 0.9806, Val Loss: 0.9437, Val Acc: 0.6868, Val F1: 0.6796, LR: 0.000548
Epoch 048/100, Train Loss: 0.9761, Val Loss: 0.9506, Val Acc: 0.6827, Val F1: 0.6789, LR: 0.000532
Epoch 049/100, Train Loss: 0.9659, Val Loss: 0.9404, Val Acc: 0.6825, Val F1: 0.6772, LR: 0.000516
Epoch 050/100, Train Loss: 0.9667, Val Loss: 0.9759, Val Acc: 0.6713, Val F1: 0.6742, LR: 0.000501
Epoch 051/100, Train Loss: 0.9616, Val Loss: 0.9120, Val Acc: 0.6958, Val F1: 0.6947, LR: 0.000485
Epoch 052/100, Train Loss: 0.9519, Val Loss: 0.9227, Val Acc: 0.6877, Val F1: 0.6810, LR: 0.000469
Epoch 053/100, Train Loss: 0.9509, Val Loss: 0.9057, Val Acc: 0.6965, Val F1: 0.6953, LR: 0.000453
Epoch 054/100, Train Loss: 0.9406, Val Loss: 0.9165, Val Acc: 0.6958, Val F1: 0.6954, LR: 0.000438
Epoch 055/100, Train Loss: 0.9403, Val Loss: 0.8960, Val Acc: 0.6983, Val F1: 0.6933, LR: 0.000422
Epoch 056/100, Train Loss: 0.9321, Val Loss: 0.9159, Val Acc: 0.6962, Val F1: 0.6928, LR: 0.000407
Epoch 057/100, Train Loss: 0.9324, Val Loss: 0.9301, Val Acc: 0.6888, Val F1: 0.6835, LR: 0.000392
Epoch 058/100, Train Loss: 0.9259, Val Loss: 0.8896, Val Acc: 0.7077, Val F1: 0.7031, LR: 0.000376
Epoch 059/100, Train Loss: 0.9193, Val Loss: 0.8926, Val Acc: 0.7015, Val F1: 0.6991, LR: 0.000361
Epoch 060/100, Train Loss: 0.9181, Val Loss: 0.8793, Val Acc: 0.7083, Val F1: 0.7051, LR: 0.000346
Epoch 061/100, Train Loss: 0.9442, Val Loss: 0.8879, Val Acc: 0.7018, Val F1: 0.6968, LR: 0.000331
Epoch 062/100, Train Loss: 0.9148, Val Loss: 0.8782, Val Acc: 0.7112, Val F1: 0.7083, LR: 0.000317
Epoch 063/100, Train Loss: 0.9104, Val Loss: 0.8752, Val Acc: 0.7082, Val F1: 0.7067, LR: 0.000302
Epoch 064/100, Train Loss: 0.9064, Val Loss: 0.8695, Val Acc: 0.7113, Val F1: 0.7104, LR: 0.000288
Epoch 065/100, Train Loss: 0.9038, Val Loss: 0.8729, Val Acc: 0.7148, Val F1: 0.7131, LR: 0.000274
Epoch 066/100, Train Loss: 0.8955, Val Loss: 0.8742, Val Acc: 0.7105, Val F1: 0.7076, LR: 0.000260
Epoch 067/100, Train Loss: 0.8964, Val Loss: 0.8750, Val Acc: 0.7102, Val F1: 0.7077, LR: 0.000246
Epoch 068/100, Train Loss: 0.8917, Val Loss: 0.8508, Val Acc: 0.7192, Val F1: 0.7172, LR: 0.000233
Epoch 069/100, Train Loss: 0.8897, Val Loss: 0.8590, Val Acc: 0.7167, Val F1: 0.7138, LR: 0.000220
Epoch 070/100, Train Loss: 0.8837, Val Loss: 0.8626, Val Acc: 0.7142, Val F1: 0.7106, LR: 0.000207
Epoch 071/100, Train Loss: 0.8797, Val Loss: 0.8545, Val Acc: 0.7173, Val F1: 0.7150, LR: 0.000194
Epoch 072/100, Train Loss: 0.8803, Val Loss: 0.8471, Val Acc: 0.7182, Val F1: 0.7161, LR: 0.000182
Epoch 073/100, Train Loss: 0.8743, Val Loss: 0.8690, Val Acc: 0.7123, Val F1: 0.7115, LR: 0.000170
Epoch 074/100, Train Loss: 0.9146, Val Loss: 0.9910, Val Acc: 0.6703, Val F1: 0.6719, LR: 0.000159
Epoch 075/100, Train Loss: 0.8722, Val Loss: 0.8354, Val Acc: 0.7232, Val F1: 0.7202, LR: 0.000147
Epoch 076/100, Train Loss: 0.8627, Val Loss: 0.8339, Val Acc: 0.7265, Val F1: 0.7237, LR: 0.000136
Epoch 077/100, Train Loss: 0.8621, Val Loss: 0.8468, Val Acc: 0.7210, Val F1: 0.7172, LR: 0.000126
Epoch 078/100, Train Loss: 0.8602, Val Loss: 0.8415, Val Acc: 0.7165, Val F1: 0.7129, LR: 0.000116
Epoch 079/100, Train Loss: 0.8573, Val Loss: 0.8423, Val Acc: 0.7172, Val F1: 0.7144, LR: 0.000106
Epoch 080/100, Train Loss: 0.8564, Val Loss: 0.8335, Val Acc: 0.7220, Val F1: 0.7184, LR: 0.000096
Epoch 081/100, Train Loss: 0.8523, Val Loss: 0.8307, Val Acc: 0.7225, Val F1: 0.7205, LR: 0.000087
Epoch 082/100, Train Loss: 0.8498, Val Loss: 0.8293, Val Acc: 0.7275, Val F1: 0.7267, LR: 0.000079
Epoch 083/100, Train Loss: 0.8488, Val Loss: 0.8228, Val Acc: 0.7263, Val F1: 0.7241, LR: 0.000071
Epoch 084/100, Train Loss: 0.8443, Val Loss: 0.8258, Val Acc: 0.7240, Val F1: 0.7215, LR: 0.000063
Epoch 085/100, Train Loss: 0.8452, Val Loss: 0.8220, Val Acc: 0.7288, Val F1: 0.7265, LR: 0.000055
Epoch 086/100, Train Loss: 0.8455, Val Loss: 0.8266, Val Acc: 0.7237, Val F1: 0.7206, LR: 0.000049
Epoch 087/100, Train Loss: 0.8421, Val Loss: 0.8215, Val Acc: 0.7282, Val F1: 0.7266, LR: 0.000042
Epoch 088/100, Train Loss: 0.8398, Val Loss: 0.8189, Val Acc: 0.7297, Val F1: 0.7271, LR: 0.000036
Epoch 089/100, Train Loss: 0.8398, Val Loss: 0.8175, Val Acc: 0.7312, Val F1: 0.7288, LR: 0.000031
Epoch 090/100, Train Loss: 0.8383, Val Loss: 0.8183, Val Acc: 0.7328, Val F1: 0.7304, LR: 0.000025
Epoch 091/100, Train Loss: 0.8374, Val Loss: 0.8158, Val Acc: 0.7283, Val F1: 0.7263, LR: 0.000021
Epoch 092/100, Train Loss: 0.8378, Val Loss: 0.8133, Val Acc: 0.7322, Val F1: 0.7298, LR: 0.000017
Epoch 093/100, Train Loss: 0.8378, Val Loss: 0.8146, Val Acc: 0.7292, Val F1: 0.7271, LR: 0.000013
Epoch 094/100, Train Loss: 0.8325, Val Loss: 0.8158, Val Acc: 0.7313, Val F1: 0.7297, LR: 0.000010
Epoch 095/100, Train Loss: 0.8320, Val Loss: 0.8135, Val Acc: 0.7320, Val F1: 0.7300, LR: 0.000007
Epoch 096/100, Train Loss: 0.8318, Val Loss: 0.8133, Val Acc: 0.7303, Val F1: 0.7282, LR: 0.000005
Epoch 097/100, Train Loss: 0.8317, Val Loss: 0.8125, Val Acc: 0.7312, Val F1: 0.7292, LR: 0.000003
Epoch 098/100, Train Loss: 0.8310, Val Loss: 0.8128, Val Acc: 0.7317, Val F1: 0.7297, LR: 0.000002
Epoch 099/100, Train Loss: 0.8307, Val Loss: 0.8128, Val Acc: 0.7305, Val F1: 0.7287, LR: 0.000001
Epoch 100/100, Train Loss: 0.8311, Val Loss: 0.8125, Val Acc: 0.7308, Val F1: 0.7289, LR: 0.000001
Evaluating on test set...
Seed 42 Test -> Loss: 0.7728, Acc: 0.7356, F1: 0.7335

===== B-Cos Run 2/3 | Seed: 43 =====
Loading dataset...
Dataset loaded. Train size: 54000, Val size: 6000, Test size: 10000
Starting training...
Epoch 001/100, Train Loss: 3.3367, Val Loss: 2.1013, Val Acc: 0.2272, Val F1: 0.1220, LR: 0.001000
Epoch 002/100, Train Loss: 2.0845, Val Loss: 2.0698, Val Acc: 0.2135, Val F1: 0.1190, LR: 0.000999
Epoch 003/100, Train Loss: 2.0425, Val Loss: 2.0152, Val Acc: 0.2740, Val F1: 0.2224, LR: 0.000998
Epoch 004/100, Train Loss: 2.0459, Val Loss: 1.9649, Val Acc: 0.2585, Val F1: 0.1787, LR: 0.000996
Epoch 005/100, Train Loss: 1.9295, Val Loss: 1.8315, Val Acc: 0.3282, Val F1: 0.2551, LR: 0.000994
Epoch 006/100, Train Loss: 1.8114, Val Loss: 1.7322, Val Acc: 0.3723, Val F1: 0.3047, LR: 0.000991
Epoch 007/100, Train Loss: 1.7451, Val Loss: 1.6492, Val Acc: 0.4115, Val F1: 0.3589, LR: 0.000988
Epoch 008/100, Train Loss: 1.6817, Val Loss: 1.5736, Val Acc: 0.4375, Val F1: 0.3779, LR: 0.000984
Epoch 009/100, Train Loss: 1.6286, Val Loss: 1.6210, Val Acc: 0.4253, Val F1: 0.4013, LR: 0.000980
Epoch 010/100, Train Loss: 1.5612, Val Loss: 1.5750, Val Acc: 0.4605, Val F1: 0.4328, LR: 0.000976
Epoch 011/100, Train Loss: 1.4954, Val Loss: 1.3820, Val Acc: 0.5193, Val F1: 0.5008, LR: 0.000970
Epoch 012/100, Train Loss: 1.4476, Val Loss: 1.3646, Val Acc: 0.5232, Val F1: 0.5083, LR: 0.000965
Epoch 013/100, Train Loss: 1.3590, Val Loss: 1.3078, Val Acc: 0.5605, Val F1: 0.5578, LR: 0.000959
Epoch 014/100, Train Loss: 1.3040, Val Loss: 1.3755, Val Acc: 0.5247, Val F1: 0.5024, LR: 0.000952
Epoch 015/100, Train Loss: 1.2604, Val Loss: 1.1821, Val Acc: 0.5962, Val F1: 0.5917, LR: 0.000946
Epoch 016/100, Train Loss: 1.2330, Val Loss: 1.2013, Val Acc: 0.5923, Val F1: 0.5927, LR: 0.000938
Epoch 017/100, Train Loss: 1.2063, Val Loss: 1.1178, Val Acc: 0.6228, Val F1: 0.6162, LR: 0.000930
Epoch 018/100, Train Loss: 1.1804, Val Loss: 1.0984, Val Acc: 0.6272, Val F1: 0.6205, LR: 0.000922
Epoch 019/100, Train Loss: 1.1716, Val Loss: 1.0934, Val Acc: 0.6177, Val F1: 0.6061, LR: 0.000914
Epoch 020/100, Train Loss: 1.1408, Val Loss: 1.0951, Val Acc: 0.6315, Val F1: 0.6198, LR: 0.000905
Epoch 021/100, Train Loss: 1.1325, Val Loss: 1.1000, Val Acc: 0.6175, Val F1: 0.6137, LR: 0.000895
Epoch 022/100, Train Loss: 1.1226, Val Loss: 1.0640, Val Acc: 0.6423, Val F1: 0.6339, LR: 0.000885
Epoch 023/100, Train Loss: 1.1117, Val Loss: 1.0518, Val Acc: 0.6463, Val F1: 0.6399, LR: 0.000875
Epoch 024/100, Train Loss: 1.0890, Val Loss: 1.0279, Val Acc: 0.6563, Val F1: 0.6493, LR: 0.000865
Epoch 025/100, Train Loss: 1.0851, Val Loss: 1.0594, Val Acc: 0.6438, Val F1: 0.6442, LR: 0.000854
Epoch 026/100, Train Loss: 1.0716, Val Loss: 1.0569, Val Acc: 0.6465, Val F1: 0.6465, LR: 0.000842
Epoch 027/100, Train Loss: 1.0636, Val Loss: 1.0337, Val Acc: 0.6535, Val F1: 0.6531, LR: 0.000831
Epoch 028/100, Train Loss: 1.0545, Val Loss: 1.0374, Val Acc: 0.6508, Val F1: 0.6454, LR: 0.000819
Epoch 029/100, Train Loss: 1.0422, Val Loss: 1.0097, Val Acc: 0.6632, Val F1: 0.6582, LR: 0.000807
Epoch 030/100, Train Loss: 1.0351, Val Loss: 0.9899, Val Acc: 0.6635, Val F1: 0.6644, LR: 0.000794
Epoch 031/100, Train Loss: 1.0287, Val Loss: 1.0147, Val Acc: 0.6572, Val F1: 0.6565, LR: 0.000781
Epoch 032/100, Train Loss: 1.0236, Val Loss: 0.9984, Val Acc: 0.6660, Val F1: 0.6616, LR: 0.000768
Epoch 033/100, Train Loss: 1.0940, Val Loss: 1.0602, Val Acc: 0.6462, Val F1: 0.6444, LR: 0.000755
Epoch 034/100, Train Loss: 1.0340, Val Loss: 1.0017, Val Acc: 0.6612, Val F1: 0.6612, LR: 0.000741
Epoch 035/100, Train Loss: 1.0185, Val Loss: 0.9848, Val Acc: 0.6690, Val F1: 0.6640, LR: 0.000727
Epoch 036/100, Train Loss: 1.0012, Val Loss: 0.9634, Val Acc: 0.6647, Val F1: 0.6552, LR: 0.000713
Epoch 037/100, Train Loss: 0.9957, Val Loss: 0.9157, Val Acc: 0.6947, Val F1: 0.6907, LR: 0.000699
Epoch 038/100, Train Loss: 0.9877, Val Loss: 0.9648, Val Acc: 0.6743, Val F1: 0.6670, LR: 0.000684
Epoch 039/100, Train Loss: 0.9883, Val Loss: 0.9382, Val Acc: 0.6845, Val F1: 0.6795, LR: 0.000670
Epoch 040/100, Train Loss: 0.9756, Val Loss: 0.9873, Val Acc: 0.6673, Val F1: 0.6656, LR: 0.000655
Epoch 041/100, Train Loss: 0.9714, Val Loss: 1.0062, Val Acc: 0.6665, Val F1: 0.6582, LR: 0.000640
Epoch 042/100, Train Loss: 0.9665, Val Loss: 0.9182, Val Acc: 0.6828, Val F1: 0.6796, LR: 0.000625
Epoch 043/100, Train Loss: 0.9572, Val Loss: 0.9295, Val Acc: 0.6910, Val F1: 0.6900, LR: 0.000609
Epoch 044/100, Train Loss: 0.9586, Val Loss: 0.8972, Val Acc: 0.7003, Val F1: 0.6990, LR: 0.000594
Epoch 045/100, Train Loss: 0.9537, Val Loss: 0.8837, Val Acc: 0.6997, Val F1: 0.6979, LR: 0.000579
Epoch 046/100, Train Loss: 0.9520, Val Loss: 0.9371, Val Acc: 0.6828, Val F1: 0.6809, LR: 0.000563
Epoch 047/100, Train Loss: 1.2790, Val Loss: 1.2590, Val Acc: 0.5687, Val F1: 0.5604, LR: 0.000548
Epoch 048/100, Train Loss: 1.0260, Val Loss: 0.9098, Val Acc: 0.6937, Val F1: 0.6927, LR: 0.000532
Epoch 049/100, Train Loss: 0.9380, Val Loss: 0.9143, Val Acc: 0.7030, Val F1: 0.7012, LR: 0.000516
Epoch 050/100, Train Loss: 0.9302, Val Loss: 0.8861, Val Acc: 0.7037, Val F1: 0.7028, LR: 0.000501
Epoch 051/100, Train Loss: 0.9283, Val Loss: 0.9109, Val Acc: 0.6975, Val F1: 0.6973, LR: 0.000485
Epoch 052/100, Train Loss: 0.9251, Val Loss: 0.8921, Val Acc: 0.7038, Val F1: 0.7021, LR: 0.000469
Epoch 053/100, Train Loss: 0.9252, Val Loss: 0.8940, Val Acc: 0.6980, Val F1: 0.6984, LR: 0.000453
Epoch 054/100, Train Loss: 0.9186, Val Loss: 0.8726, Val Acc: 0.7080, Val F1: 0.7052, LR: 0.000438
Epoch 055/100, Train Loss: 0.9182, Val Loss: 0.8796, Val Acc: 0.7045, Val F1: 0.7066, LR: 0.000422
Epoch 056/100, Train Loss: 0.9118, Val Loss: 0.8685, Val Acc: 0.7107, Val F1: 0.7064, LR: 0.000407
Epoch 057/100, Train Loss: 0.9058, Val Loss: 0.8884, Val Acc: 0.7055, Val F1: 0.7024, LR: 0.000392
Epoch 058/100, Train Loss: 0.9015, Val Loss: 0.8589, Val Acc: 0.7108, Val F1: 0.7122, LR: 0.000376
Epoch 059/100, Train Loss: 0.8960, Val Loss: 0.8750, Val Acc: 0.7120, Val F1: 0.7082, LR: 0.000361
Epoch 060/100, Train Loss: 0.8959, Val Loss: 0.8471, Val Acc: 0.7173, Val F1: 0.7133, LR: 0.000346
Epoch 061/100, Train Loss: 0.8916, Val Loss: 0.8691, Val Acc: 0.7118, Val F1: 0.7068, LR: 0.000331
Epoch 062/100, Train Loss: 0.9305, Val Loss: 0.8641, Val Acc: 0.7117, Val F1: 0.7107, LR: 0.000317
Epoch 063/100, Train Loss: 0.8846, Val Loss: 0.8594, Val Acc: 0.7093, Val F1: 0.7037, LR: 0.000302
Epoch 064/100, Train Loss: 0.8855, Val Loss: 0.8487, Val Acc: 0.7102, Val F1: 0.7058, LR: 0.000288
Epoch 065/100, Train Loss: 0.8818, Val Loss: 0.8332, Val Acc: 0.7237, Val F1: 0.7211, LR: 0.000274
Epoch 066/100, Train Loss: 0.8789, Val Loss: 0.8366, Val Acc: 0.7238, Val F1: 0.7220, LR: 0.000260
Epoch 067/100, Train Loss: 0.8782, Val Loss: 0.8471, Val Acc: 0.7157, Val F1: 0.7136, LR: 0.000246
Epoch 068/100, Train Loss: 0.8997, Val Loss: 0.8340, Val Acc: 0.7215, Val F1: 0.7189, LR: 0.000233
Epoch 069/100, Train Loss: 0.8666, Val Loss: 0.8451, Val Acc: 0.7200, Val F1: 0.7177, LR: 0.000220
Epoch 070/100, Train Loss: 0.8669, Val Loss: 0.8613, Val Acc: 0.7145, Val F1: 0.7139, LR: 0.000207
Epoch 071/100, Train Loss: 0.8672, Val Loss: 0.8182, Val Acc: 0.7257, Val F1: 0.7237, LR: 0.000194
Epoch 072/100, Train Loss: 0.8623, Val Loss: 0.8280, Val Acc: 0.7220, Val F1: 0.7178, LR: 0.000182
Epoch 073/100, Train Loss: 0.8602, Val Loss: 0.8227, Val Acc: 0.7278, Val F1: 0.7251, LR: 0.000170
Epoch 074/100, Train Loss: 0.8579, Val Loss: 0.8232, Val Acc: 0.7287, Val F1: 0.7265, LR: 0.000159
Epoch 075/100, Train Loss: 0.8532, Val Loss: 0.8357, Val Acc: 0.7173, Val F1: 0.7124, LR: 0.000147
Epoch 076/100, Train Loss: 0.8785, Val Loss: 1.3012, Val Acc: 0.5635, Val F1: 0.5556, LR: 0.000136
Epoch 077/100, Train Loss: 0.8830, Val Loss: 0.8337, Val Acc: 0.7268, Val F1: 0.7230, LR: 0.000126
Epoch 078/100, Train Loss: 0.8525, Val Loss: 0.8253, Val Acc: 0.7238, Val F1: 0.7213, LR: 0.000116
Epoch 079/100, Train Loss: 0.8497, Val Loss: 0.8204, Val Acc: 0.7233, Val F1: 0.7210, LR: 0.000106
Epoch 080/100, Train Loss: 0.8487, Val Loss: 0.8181, Val Acc: 0.7275, Val F1: 0.7276, LR: 0.000096
Epoch 081/100, Train Loss: 0.8442, Val Loss: 0.8192, Val Acc: 0.7263, Val F1: 0.7241, LR: 0.000087
Epoch 082/100, Train Loss: 0.8419, Val Loss: 0.8134, Val Acc: 0.7293, Val F1: 0.7270, LR: 0.000079
Epoch 083/100, Train Loss: 0.8394, Val Loss: 0.8076, Val Acc: 0.7283, Val F1: 0.7255, LR: 0.000071
Epoch 084/100, Train Loss: 0.8381, Val Loss: 0.8101, Val Acc: 0.7275, Val F1: 0.7242, LR: 0.000063
Epoch 085/100, Train Loss: 0.8362, Val Loss: 0.8011, Val Acc: 0.7312, Val F1: 0.7288, LR: 0.000055
Epoch 086/100, Train Loss: 0.8329, Val Loss: 0.8058, Val Acc: 0.7315, Val F1: 0.7300, LR: 0.000049
Epoch 087/100, Train Loss: 0.8372, Val Loss: 0.8023, Val Acc: 0.7292, Val F1: 0.7275, LR: 0.000042
Epoch 088/100, Train Loss: 0.8329, Val Loss: 0.8012, Val Acc: 0.7305, Val F1: 0.7283, LR: 0.000036
Epoch 089/100, Train Loss: 0.8305, Val Loss: 0.7963, Val Acc: 0.7330, Val F1: 0.7319, LR: 0.000031
Epoch 090/100, Train Loss: 0.8278, Val Loss: 0.7980, Val Acc: 0.7327, Val F1: 0.7305, LR: 0.000025
Epoch 091/100, Train Loss: 0.8310, Val Loss: 0.7967, Val Acc: 0.7297, Val F1: 0.7281, LR: 0.000021
Epoch 092/100, Train Loss: 0.8276, Val Loss: 0.7958, Val Acc: 0.7338, Val F1: 0.7322, LR: 0.000017
Epoch 093/100, Train Loss: 0.8286, Val Loss: 0.7969, Val Acc: 0.7325, Val F1: 0.7302, LR: 0.000013
Epoch 094/100, Train Loss: 0.8280, Val Loss: 0.7971, Val Acc: 0.7310, Val F1: 0.7284, LR: 0.000010
Epoch 095/100, Train Loss: 0.8258, Val Loss: 0.7953, Val Acc: 0.7343, Val F1: 0.7322, LR: 0.000007
Epoch 096/100, Train Loss: 0.8257, Val Loss: 0.7949, Val Acc: 0.7365, Val F1: 0.7350, LR: 0.000005
Epoch 097/100, Train Loss: 0.8233, Val Loss: 0.7949, Val Acc: 0.7345, Val F1: 0.7327, LR: 0.000003
Epoch 098/100, Train Loss: 0.8239, Val Loss: 0.7946, Val Acc: 0.7338, Val F1: 0.7320, LR: 0.000002
Epoch 099/100, Train Loss: 0.8223, Val Loss: 0.7945, Val Acc: 0.7350, Val F1: 0.7332, LR: 0.000001
Epoch 100/100, Train Loss: 0.8248, Val Loss: 0.7948, Val Acc: 0.7350, Val F1: 0.7333, LR: 0.000001
Evaluating on test set...
Seed 43 Test -> Loss: 0.7618, Acc: 0.7402, F1: 0.7386

===== B-Cos Run 3/3 | Seed: 44 =====
Loading dataset...
Dataset loaded. Train size: 54000, Val size: 6000, Test size: 10000
Starting training...
Epoch 001/100, Train Loss: 3.2024, Val Loss: 2.1089, Val Acc: 0.2193, Val F1: 0.1048, LR: 0.001000
Epoch 002/100, Train Loss: 2.1307, Val Loss: 2.0978, Val Acc: 0.2113, Val F1: 0.1342, LR: 0.000999
Epoch 003/100, Train Loss: 2.0876, Val Loss: 2.0361, Val Acc: 0.2283, Val F1: 0.1543, LR: 0.000998
Epoch 004/100, Train Loss: 2.0762, Val Loss: 2.0562, Val Acc: 0.2290, Val F1: 0.1432, LR: 0.000996
Epoch 005/100, Train Loss: 2.0628, Val Loss: 2.0725, Val Acc: 0.2198, Val F1: 0.1381, LR: 0.000994
Epoch 006/100, Train Loss: 2.0534, Val Loss: 2.0284, Val Acc: 0.2450, Val F1: 0.1887, LR: 0.000991
Epoch 007/100, Train Loss: 1.9451, Val Loss: 1.8519, Val Acc: 0.3092, Val F1: 0.2463, LR: 0.000988
Epoch 008/100, Train Loss: 1.8417, Val Loss: 1.7395, Val Acc: 0.3590, Val F1: 0.3350, LR: 0.000984
Epoch 009/100, Train Loss: 1.7258, Val Loss: 1.6146, Val Acc: 0.4038, Val F1: 0.3396, LR: 0.000980
Epoch 010/100, Train Loss: 1.9429, Val Loss: 1.8241, Val Acc: 0.3422, Val F1: 0.3088, LR: 0.000976
Epoch 011/100, Train Loss: 1.7507, Val Loss: 1.6781, Val Acc: 0.3965, Val F1: 0.3259, LR: 0.000970
Epoch 012/100, Train Loss: 1.6488, Val Loss: 1.5949, Val Acc: 0.4343, Val F1: 0.4167, LR: 0.000965
Epoch 013/100, Train Loss: 1.5968, Val Loss: 1.5103, Val Acc: 0.4692, Val F1: 0.4498, LR: 0.000959
Epoch 014/100, Train Loss: 1.5673, Val Loss: 1.6274, Val Acc: 0.4262, Val F1: 0.4079, LR: 0.000952
Epoch 015/100, Train Loss: 1.5229, Val Loss: 1.4043, Val Acc: 0.5082, Val F1: 0.5069, LR: 0.000946
Epoch 016/100, Train Loss: 1.4653, Val Loss: 1.3514, Val Acc: 0.5275, Val F1: 0.5072, LR: 0.000938
Epoch 017/100, Train Loss: 1.4265, Val Loss: 1.3795, Val Acc: 0.4970, Val F1: 0.4872, LR: 0.000930
Epoch 018/100, Train Loss: 1.3929, Val Loss: 1.3054, Val Acc: 0.5438, Val F1: 0.5318, LR: 0.000922
Epoch 019/100, Train Loss: 1.3856, Val Loss: 1.3112, Val Acc: 0.5432, Val F1: 0.5293, LR: 0.000914
Epoch 020/100, Train Loss: 1.3226, Val Loss: 1.1872, Val Acc: 0.5898, Val F1: 0.5853, LR: 0.000905
Epoch 021/100, Train Loss: 1.2945, Val Loss: 1.2488, Val Acc: 0.5673, Val F1: 0.5507, LR: 0.000895
Epoch 022/100, Train Loss: 1.2700, Val Loss: 1.1663, Val Acc: 0.5997, Val F1: 0.5903, LR: 0.000885
Epoch 023/100, Train Loss: 1.2513, Val Loss: 1.2101, Val Acc: 0.5793, Val F1: 0.5606, LR: 0.000875
Epoch 024/100, Train Loss: 1.2192, Val Loss: 1.1915, Val Acc: 0.5962, Val F1: 0.5933, LR: 0.000865
Epoch 025/100, Train Loss: 1.2054, Val Loss: 1.1782, Val Acc: 0.5912, Val F1: 0.5802, LR: 0.000854
Epoch 026/100, Train Loss: 1.1865, Val Loss: 1.1253, Val Acc: 0.6048, Val F1: 0.5894, LR: 0.000842
Epoch 027/100, Train Loss: 1.1692, Val Loss: 1.0630, Val Acc: 0.6322, Val F1: 0.6312, LR: 0.000831
Epoch 028/100, Train Loss: 1.1548, Val Loss: 1.0578, Val Acc: 0.6353, Val F1: 0.6317, LR: 0.000819
Epoch 029/100, Train Loss: 1.1446, Val Loss: 1.0545, Val Acc: 0.6478, Val F1: 0.6429, LR: 0.000807
Epoch 030/100, Train Loss: 1.1491, Val Loss: 1.6662, Val Acc: 0.4055, Val F1: 0.3638, LR: 0.000794
Epoch 031/100, Train Loss: 1.1784, Val Loss: 1.0938, Val Acc: 0.6345, Val F1: 0.6309, LR: 0.000781
Epoch 032/100, Train Loss: 1.1159, Val Loss: 1.0338, Val Acc: 0.6503, Val F1: 0.6449, LR: 0.000768
Epoch 033/100, Train Loss: 1.1008, Val Loss: 1.0293, Val Acc: 0.6528, Val F1: 0.6459, LR: 0.000755
Epoch 034/100, Train Loss: 1.0885, Val Loss: 1.0356, Val Acc: 0.6412, Val F1: 0.6366, LR: 0.000741
Epoch 035/100, Train Loss: 1.0817, Val Loss: 1.0043, Val Acc: 0.6563, Val F1: 0.6486, LR: 0.000727
Epoch 036/100, Train Loss: 1.0782, Val Loss: 0.9999, Val Acc: 0.6615, Val F1: 0.6617, LR: 0.000713
Epoch 037/100, Train Loss: 1.0654, Val Loss: 1.0148, Val Acc: 0.6553, Val F1: 0.6513, LR: 0.000699
Epoch 038/100, Train Loss: 1.0555, Val Loss: 0.9737, Val Acc: 0.6752, Val F1: 0.6706, LR: 0.000684
Epoch 039/100, Train Loss: 1.0476, Val Loss: 0.9588, Val Acc: 0.6770, Val F1: 0.6738, LR: 0.000670
Epoch 040/100, Train Loss: 1.0459, Val Loss: 0.9672, Val Acc: 0.6757, Val F1: 0.6748, LR: 0.000655
Epoch 041/100, Train Loss: 1.0335, Val Loss: 0.9483, Val Acc: 0.6802, Val F1: 0.6749, LR: 0.000640
Epoch 042/100, Train Loss: 1.0315, Val Loss: 0.9476, Val Acc: 0.6802, Val F1: 0.6767, LR: 0.000625
Epoch 043/100, Train Loss: 1.0199, Val Loss: 0.9660, Val Acc: 0.6683, Val F1: 0.6637, LR: 0.000609
Epoch 044/100, Train Loss: 1.0149, Val Loss: 0.9640, Val Acc: 0.6737, Val F1: 0.6726, LR: 0.000594
Epoch 045/100, Train Loss: 1.0103, Val Loss: 0.9507, Val Acc: 0.6842, Val F1: 0.6812, LR: 0.000579
Epoch 046/100, Train Loss: 1.0107, Val Loss: 0.9743, Val Acc: 0.6758, Val F1: 0.6728, LR: 0.000563
Epoch 047/100, Train Loss: 1.0015, Val Loss: 0.9347, Val Acc: 0.6825, Val F1: 0.6747, LR: 0.000548
Epoch 048/100, Train Loss: 1.0782, Val Loss: 0.9260, Val Acc: 0.6893, Val F1: 0.6835, LR: 0.000532
Epoch 049/100, Train Loss: 0.9948, Val Loss: 0.9546, Val Acc: 0.6787, Val F1: 0.6767, LR: 0.000516
Epoch 050/100, Train Loss: 0.9876, Val Loss: 0.9319, Val Acc: 0.6857, Val F1: 0.6811, LR: 0.000501
Epoch 051/100, Train Loss: 0.9834, Val Loss: 0.9290, Val Acc: 0.6907, Val F1: 0.6887, LR: 0.000485
Epoch 052/100, Train Loss: 1.0856, Val Loss: 0.9450, Val Acc: 0.6783, Val F1: 0.6729, LR: 0.000469
Epoch 053/100, Train Loss: 1.0350, Val Loss: 0.9222, Val Acc: 0.6907, Val F1: 0.6854, LR: 0.000453
Epoch 054/100, Train Loss: 0.9776, Val Loss: 0.9141, Val Acc: 0.6943, Val F1: 0.6904, LR: 0.000438
Epoch 055/100, Train Loss: 0.9744, Val Loss: 0.9163, Val Acc: 0.6942, Val F1: 0.6911, LR: 0.000422
Epoch 056/100, Train Loss: 1.0133, Val Loss: 0.9015, Val Acc: 0.6950, Val F1: 0.6920, LR: 0.000407
Epoch 057/100, Train Loss: 0.9594, Val Loss: 0.9010, Val Acc: 0.6960, Val F1: 0.6932, LR: 0.000392
Epoch 058/100, Train Loss: 0.9592, Val Loss: 0.8917, Val Acc: 0.6993, Val F1: 0.6952, LR: 0.000376
Epoch 059/100, Train Loss: 0.9724, Val Loss: 0.9236, Val Acc: 0.6888, Val F1: 0.6853, LR: 0.000361
Epoch 060/100, Train Loss: 0.9463, Val Loss: 0.8847, Val Acc: 0.6980, Val F1: 0.6944, LR: 0.000346
Epoch 061/100, Train Loss: 0.9439, Val Loss: 0.8835, Val Acc: 0.7017, Val F1: 0.6984, LR: 0.000331
Epoch 062/100, Train Loss: 0.9409, Val Loss: 0.8846, Val Acc: 0.7085, Val F1: 0.7052, LR: 0.000317
Epoch 063/100, Train Loss: 0.9363, Val Loss: 0.8919, Val Acc: 0.7095, Val F1: 0.7090, LR: 0.000302
Epoch 064/100, Train Loss: 0.9325, Val Loss: 0.8675, Val Acc: 0.7083, Val F1: 0.7060, LR: 0.000288
Epoch 065/100, Train Loss: 0.9517, Val Loss: 0.8741, Val Acc: 0.7060, Val F1: 0.7018, LR: 0.000274
Epoch 066/100, Train Loss: 0.9247, Val Loss: 0.8860, Val Acc: 0.7088, Val F1: 0.7082, LR: 0.000260
Epoch 067/100, Train Loss: 0.9250, Val Loss: 0.8716, Val Acc: 0.7065, Val F1: 0.7027, LR: 0.000246
Epoch 068/100, Train Loss: 0.9199, Val Loss: 0.8605, Val Acc: 0.7138, Val F1: 0.7122, LR: 0.000233
Epoch 069/100, Train Loss: 0.9182, Val Loss: 0.8814, Val Acc: 0.7048, Val F1: 0.7025, LR: 0.000220
Epoch 070/100, Train Loss: 0.9171, Val Loss: 0.8775, Val Acc: 0.7138, Val F1: 0.7138, LR: 0.000207
Epoch 071/100, Train Loss: 0.9137, Val Loss: 0.8571, Val Acc: 0.7173, Val F1: 0.7154, LR: 0.000194
Epoch 072/100, Train Loss: 0.9105, Val Loss: 0.8793, Val Acc: 0.7037, Val F1: 0.6992, LR: 0.000182
Epoch 073/100, Train Loss: 0.9049, Val Loss: 0.8588, Val Acc: 0.7113, Val F1: 0.7075, LR: 0.000170
Epoch 074/100, Train Loss: 0.9004, Val Loss: 0.8455, Val Acc: 0.7185, Val F1: 0.7164, LR: 0.000159
Epoch 075/100, Train Loss: 0.9014, Val Loss: 0.8551, Val Acc: 0.7148, Val F1: 0.7119, LR: 0.000147
Epoch 076/100, Train Loss: 0.8974, Val Loss: 0.8495, Val Acc: 0.7165, Val F1: 0.7130, LR: 0.000136
Epoch 077/100, Train Loss: 0.8947, Val Loss: 0.8416, Val Acc: 0.7160, Val F1: 0.7133, LR: 0.000126
Epoch 078/100, Train Loss: 0.8944, Val Loss: 0.8432, Val Acc: 0.7200, Val F1: 0.7190, LR: 0.000116
Epoch 079/100, Train Loss: 0.8895, Val Loss: 0.8392, Val Acc: 0.7175, Val F1: 0.7137, LR: 0.000106
Epoch 080/100, Train Loss: 0.8899, Val Loss: 0.8338, Val Acc: 0.7262, Val F1: 0.7246, LR: 0.000096
Epoch 081/100, Train Loss: 0.8880, Val Loss: 0.8289, Val Acc: 0.7245, Val F1: 0.7219, LR: 0.000087
Epoch 082/100, Train Loss: 0.8847, Val Loss: 0.8363, Val Acc: 0.7227, Val F1: 0.7199, LR: 0.000079
Epoch 083/100, Train Loss: 0.8848, Val Loss: 0.8271, Val Acc: 0.7290, Val F1: 0.7268, LR: 0.000071
Epoch 084/100, Train Loss: 0.8804, Val Loss: 0.8257, Val Acc: 0.7262, Val F1: 0.7239, LR: 0.000063
Epoch 085/100, Train Loss: 1.0057, Val Loss: 0.8410, Val Acc: 0.7212, Val F1: 0.7191, LR: 0.000055
Epoch 086/100, Train Loss: 0.8873, Val Loss: 0.8369, Val Acc: 0.7227, Val F1: 0.7204, LR: 0.000049
Epoch 087/100, Train Loss: 0.8847, Val Loss: 0.8338, Val Acc: 0.7262, Val F1: 0.7236, LR: 0.000042
Epoch 088/100, Train Loss: 0.8834, Val Loss: 0.8290, Val Acc: 0.7230, Val F1: 0.7207, LR: 0.000036
Epoch 089/100, Train Loss: 0.8824, Val Loss: 0.8295, Val Acc: 0.7247, Val F1: 0.7233, LR: 0.000031
Epoch 090/100, Train Loss: 0.8775, Val Loss: 0.8264, Val Acc: 0.7262, Val F1: 0.7241, LR: 0.000025
Epoch 091/100, Train Loss: 0.8792, Val Loss: 0.8275, Val Acc: 0.7255, Val F1: 0.7224, LR: 0.000021
Epoch 092/100, Train Loss: 0.8748, Val Loss: 0.8258, Val Acc: 0.7263, Val F1: 0.7246, LR: 0.000017
Epoch 093/100, Train Loss: 0.8766, Val Loss: 0.8258, Val Acc: 0.7285, Val F1: 0.7271, LR: 0.000013
Epoch 094/100, Train Loss: 0.8765, Val Loss: 0.8236, Val Acc: 0.7262, Val F1: 0.7240, LR: 0.000010
Epoch 095/100, Train Loss: 0.8735, Val Loss: 0.8250, Val Acc: 0.7268, Val F1: 0.7247, LR: 0.000007
Epoch 096/100, Train Loss: 0.8770, Val Loss: 0.8234, Val Acc: 0.7298, Val F1: 0.7278, LR: 0.000005
Epoch 097/100, Train Loss: 0.8736, Val Loss: 0.8237, Val Acc: 0.7302, Val F1: 0.7281, LR: 0.000003
Epoch 098/100, Train Loss: 0.8744, Val Loss: 0.8228, Val Acc: 0.7273, Val F1: 0.7254, LR: 0.000002
Epoch 099/100, Train Loss: 0.8730, Val Loss: 0.8233, Val Acc: 0.7283, Val F1: 0.7265, LR: 0.000001
Epoch 100/100, Train Loss: 0.8718, Val Loss: 0.8229, Val Acc: 0.7280, Val F1: 0.7261, LR: 0.000001
Evaluating on test set...
Seed 44 Test -> Loss: 0.7968, Acc: 0.7267, F1: 0.7243

===== B-Cos Final Summary Across Seeds =====
Test Loss: 0.7771 ± 0.0146
Test Acc : 0.7342 ± 0.0056
Test F1  : 0.7321 ± 0.0059
