Device: cuda
Loading data from: /home/moso00002/bcosgnn/bcosgnn/shaique_updates/data/Custom_BA2Motif/custom_ba2motif_dataset.pt
Successfully loaded 1000 graphs.
====================================================================================================
vanilla_gcn_add | seed=0
====================================================================================================
Epoch 001 | train_loss=0.6846 train_acc=0.5443 | val_loss=0.6512 val_acc=0.6000 | lr=3.00e-04
Epoch 005 | train_loss=0.5456 train_acc=0.7386 | val_loss=0.5086 val_acc=0.8100 | lr=3.00e-04
Epoch 010 | train_loss=0.4783 train_acc=0.7729 | val_loss=0.5113 val_acc=0.7200 | lr=3.00e-04
Epoch 015 | train_loss=0.4854 train_acc=0.7729 | val_loss=0.4736 val_acc=0.7500 | lr=3.00e-04
Epoch 020 | train_loss=0.4732 train_acc=0.7629 | val_loss=0.4487 val_acc=0.7800 | lr=1.50e-04
Epoch 025 | train_loss=0.4548 train_acc=0.7914 | val_loss=0.4766 val_acc=0.8000 | lr=1.50e-04
Epoch 030 | train_loss=0.4385 train_acc=0.7986 | val_loss=0.4444 val_acc=0.7800 | lr=1.50e-04
Epoch 035 | train_loss=0.4348 train_acc=0.8000 | val_loss=0.4644 val_acc=0.7800 | lr=1.50e-04
Epoch 040 | train_loss=0.4314 train_acc=0.8043 | val_loss=0.4425 val_acc=0.7800 | lr=7.50e-05
Epoch 045 | train_loss=0.4310 train_acc=0.8057 | val_loss=0.4426 val_acc=0.7800 | lr=7.50e-05
Epoch 050 | train_loss=0.4277 train_acc=0.8000 | val_loss=0.4401 val_acc=0.7800 | lr=3.75e-05
Epoch 055 | train_loss=0.4265 train_acc=0.8014 | val_loss=0.4429 val_acc=0.7800 | lr=1.87e-05
Epoch 060 | train_loss=0.4262 train_acc=0.8014 | val_loss=0.4416 val_acc=0.7800 | lr=9.37e-06
Epoch 065 | train_loss=0.4261 train_acc=0.8014 | val_loss=0.4416 val_acc=0.7800 | lr=4.69e-06
Early stopping at epoch 67 (best_epoch=42, best_val_loss=0.4401)
vanilla_gcn_add | seed=0 | best_epoch=42 | ckpt=best_vanilla_gcn_add_seed_0.pt | test_acc=0.8300 | test_clf_auroc=0.9017 | test_expl_auroc=nan | test_jaccard=nan
====================================================================================================
vanilla_gcn_add | seed=1
====================================================================================================
Epoch 001 | train_loss=0.6895 train_acc=0.5586 | val_loss=0.6726 val_acc=0.5300 | lr=3.00e-04
Epoch 005 | train_loss=0.5578 train_acc=0.7329 | val_loss=0.5618 val_acc=0.7300 | lr=3.00e-04
Epoch 010 | train_loss=0.4712 train_acc=0.7814 | val_loss=0.5415 val_acc=0.6700 | lr=3.00e-04
Epoch 015 | train_loss=0.4402 train_acc=0.7929 | val_loss=0.5579 val_acc=0.6700 | lr=1.50e-04
Epoch 020 | train_loss=0.4231 train_acc=0.8129 | val_loss=0.5745 val_acc=0.6700 | lr=7.50e-05
Epoch 025 | train_loss=0.4223 train_acc=0.8057 | val_loss=0.5658 val_acc=0.6700 | lr=3.75e-05
Epoch 030 | train_loss=0.4218 train_acc=0.8129 | val_loss=0.5693 val_acc=0.6700 | lr=1.87e-05
Epoch 035 | train_loss=0.4211 train_acc=0.8114 | val_loss=0.5695 val_acc=0.6700 | lr=9.37e-06
Early stopping at epoch 35 (best_epoch=10, best_val_loss=0.5415)
vanilla_gcn_add | seed=1 | best_epoch=10 | ckpt=best_vanilla_gcn_add_seed_1.pt | test_acc=0.7750 | test_clf_auroc=0.8721 | test_expl_auroc=nan | test_jaccard=nan
====================================================================================================
vanilla_gcn_add | seed=2
====================================================================================================
Epoch 001 | train_loss=0.6745 train_acc=0.6343 | val_loss=0.6527 val_acc=0.7900 | lr=3.00e-04
Epoch 005 | train_loss=0.5083 train_acc=0.7886 | val_loss=0.5079 val_acc=0.7800 | lr=3.00e-04
Epoch 010 | train_loss=0.4549 train_acc=0.7886 | val_loss=0.4435 val_acc=0.7900 | lr=3.00e-04
Epoch 015 | train_loss=0.4577 train_acc=0.7900 | val_loss=0.4744 val_acc=0.7900 | lr=3.00e-04
Epoch 020 | train_loss=0.4416 train_acc=0.8071 | val_loss=0.4351 val_acc=0.8100 | lr=1.50e-04
Epoch 025 | train_loss=0.4390 train_acc=0.8143 | val_loss=0.4339 val_acc=0.8200 | lr=1.50e-04
Epoch 030 | train_loss=0.4388 train_acc=0.7957 | val_loss=0.4495 val_acc=0.8000 | lr=1.50e-04
Epoch 035 | train_loss=0.4351 train_acc=0.7929 | val_loss=0.4346 val_acc=0.8100 | lr=7.50e-05
Epoch 040 | train_loss=0.4338 train_acc=0.8000 | val_loss=0.4358 val_acc=0.8100 | lr=3.75e-05
Epoch 045 | train_loss=0.4332 train_acc=0.8029 | val_loss=0.4336 val_acc=0.8100 | lr=1.87e-05
Epoch 050 | train_loss=0.4335 train_acc=0.8000 | val_loss=0.4305 val_acc=0.8200 | lr=1.87e-05
Epoch 055 | train_loss=0.4327 train_acc=0.7986 | val_loss=0.4329 val_acc=0.8100 | lr=9.37e-06
Epoch 060 | train_loss=0.4327 train_acc=0.7971 | val_loss=0.4326 val_acc=0.8100 | lr=4.69e-06
Epoch 065 | train_loss=0.4325 train_acc=0.7957 | val_loss=0.4323 val_acc=0.8200 | lr=2.34e-06
Epoch 070 | train_loss=0.4325 train_acc=0.7957 | val_loss=0.4322 val_acc=0.8200 | lr=1.17e-06
Early stopping at epoch 72 (best_epoch=47, best_val_loss=0.4301)
vanilla_gcn_add | seed=2 | best_epoch=47 | ckpt=best_vanilla_gcn_add_seed_2.pt | test_acc=0.7800 | test_clf_auroc=0.8826 | test_expl_auroc=nan | test_jaccard=nan
====================================================================================================
bcos_gcn_add_readout_then_agg | seed=0
====================================================================================================
Epoch 001 | train_loss=0.6930 train_acc=0.5657 | val_loss=0.6928 val_acc=0.5800 | lr=3.00e-04
Epoch 005 | train_loss=0.6172 train_acc=0.5871 | val_loss=0.5515 val_acc=0.7400 | lr=3.00e-04
Epoch 010 | train_loss=0.0446 train_acc=0.9900 | val_loss=0.0297 val_acc=1.0000 | lr=3.00e-04
Epoch 015 | train_loss=0.0182 train_acc=0.9971 | val_loss=0.0061 val_acc=1.0000 | lr=3.00e-04
Epoch 020 | train_loss=0.0096 train_acc=0.9957 | val_loss=0.0034 val_acc=1.0000 | lr=3.00e-04
Epoch 025 | train_loss=0.0102 train_acc=0.9971 | val_loss=0.0019 val_acc=1.0000 | lr=3.00e-04
Epoch 030 | train_loss=0.0021 train_acc=1.0000 | val_loss=0.0012 val_acc=1.0000 | lr=3.00e-04
Epoch 035 | train_loss=0.0010 train_acc=1.0000 | val_loss=0.0006 val_acc=1.0000 | lr=3.00e-04
Epoch 040 | train_loss=0.0007 train_acc=1.0000 | val_loss=0.0006 val_acc=1.0000 | lr=3.00e-04
Epoch 045 | train_loss=0.0004 train_acc=1.0000 | val_loss=0.0003 val_acc=1.0000 | lr=3.00e-04
Epoch 050 | train_loss=0.0003 train_acc=1.0000 | val_loss=0.0002 val_acc=1.0000 | lr=3.00e-04
Epoch 055 | train_loss=0.0002 train_acc=1.0000 | val_loss=0.0002 val_acc=1.0000 | lr=3.00e-04
Epoch 060 | train_loss=0.0002 train_acc=1.0000 | val_loss=0.0001 val_acc=1.0000 | lr=3.00e-04
Epoch 065 | train_loss=0.0001 train_acc=1.0000 | val_loss=0.0001 val_acc=1.0000 | lr=3.00e-04
Epoch 070 | train_loss=0.0001 train_acc=1.0000 | val_loss=0.0001 val_acc=1.0000 | lr=3.00e-04
Epoch 075 | train_loss=0.0001 train_acc=1.0000 | val_loss=0.0001 val_acc=1.0000 | lr=3.00e-04
Epoch 080 | train_loss=0.0001 train_acc=1.0000 | val_loss=0.0001 val_acc=1.0000 | lr=3.00e-04
Early stopping at epoch 83 (best_epoch=58, best_val_loss=0.0001)
bcos_gcn_add_readout_then_agg | seed=0 | best_epoch=58 | ckpt=best_bcos_gcn_add_readout_then_agg_seed_0.pt | test_acc=1.0000 | test_clf_auroc=1.0000 | test_expl_auroc=0.9954 | test_jaccard=0.8967
====================================================================================================
bcos_gcn_add_readout_then_agg | seed=1
====================================================================================================
Epoch 001 | train_loss=0.6930 train_acc=0.5114 | val_loss=0.6926 val_acc=0.5000 | lr=3.00e-04
Epoch 005 | train_loss=0.5877 train_acc=0.5429 | val_loss=0.5421 val_acc=0.5500 | lr=3.00e-04
Epoch 010 | train_loss=0.0159 train_acc=0.9986 | val_loss=0.0120 val_acc=1.0000 | lr=3.00e-04
Epoch 015 | train_loss=0.0013 train_acc=1.0000 | val_loss=0.0015 val_acc=1.0000 | lr=3.00e-04
Epoch 020 | train_loss=0.0006 train_acc=1.0000 | val_loss=0.0007 val_acc=1.0000 | lr=3.00e-04
Epoch 025 | train_loss=0.0003 train_acc=1.0000 | val_loss=0.0004 val_acc=1.0000 | lr=3.00e-04
Epoch 030 | train_loss=0.0002 train_acc=1.0000 | val_loss=0.0002 val_acc=1.0000 | lr=3.00e-04
Epoch 035 | train_loss=0.0001 train_acc=1.0000 | val_loss=0.0002 val_acc=1.0000 | lr=3.00e-04
Epoch 040 | train_loss=0.0001 train_acc=1.0000 | val_loss=0.0001 val_acc=1.0000 | lr=3.00e-04
Epoch 045 | train_loss=0.0001 train_acc=1.0000 | val_loss=0.0001 val_acc=1.0000 | lr=3.00e-04
Epoch 050 | train_loss=0.0001 train_acc=1.0000 | val_loss=0.0001 val_acc=1.0000 | lr=3.00e-04
Epoch 055 | train_loss=0.0001 train_acc=1.0000 | val_loss=0.0001 val_acc=1.0000 | lr=3.00e-04
Epoch 060 | train_loss=0.0000 train_acc=1.0000 | val_loss=0.0000 val_acc=1.0000 | lr=3.00e-04
Epoch 065 | train_loss=0.0000 train_acc=1.0000 | val_loss=0.0000 val_acc=1.0000 | lr=3.00e-04
Early stopping at epoch 66 (best_epoch=41, best_val_loss=0.0001)
bcos_gcn_add_readout_then_agg | seed=1 | best_epoch=41 | ckpt=best_bcos_gcn_add_readout_then_agg_seed_1.pt | test_acc=1.0000 | test_clf_auroc=1.0000 | test_expl_auroc=0.8990 | test_jaccard=0.7468
====================================================================================================
bcos_gcn_add_readout_then_agg | seed=2
====================================================================================================
Epoch 001 | train_loss=0.6931 train_acc=0.5000 | val_loss=0.6927 val_acc=0.5000 | lr=3.00e-04
Epoch 005 | train_loss=0.6175 train_acc=0.5171 | val_loss=0.5827 val_acc=0.5800 | lr=3.00e-04
Epoch 010 | train_loss=0.0289 train_acc=0.9971 | val_loss=0.0118 val_acc=1.0000 | lr=3.00e-04
Epoch 015 | train_loss=0.0012 train_acc=1.0000 | val_loss=0.0008 val_acc=1.0000 | lr=3.00e-04
Epoch 020 | train_loss=0.0006 train_acc=1.0000 | val_loss=0.0003 val_acc=1.0000 | lr=3.00e-04
Epoch 025 | train_loss=0.0003 train_acc=1.0000 | val_loss=0.0002 val_acc=1.0000 | lr=3.00e-04
Epoch 030 | train_loss=0.0002 train_acc=1.0000 | val_loss=0.0001 val_acc=1.0000 | lr=3.00e-04
Epoch 035 | train_loss=0.0002 train_acc=1.0000 | val_loss=0.0001 val_acc=1.0000 | lr=3.00e-04
Epoch 040 | train_loss=0.0001 train_acc=1.0000 | val_loss=0.0001 val_acc=1.0000 | lr=3.00e-04
Epoch 045 | train_loss=0.0001 train_acc=1.0000 | val_loss=0.0000 val_acc=1.0000 | lr=3.00e-04
Epoch 050 | train_loss=0.0001 train_acc=1.0000 | val_loss=0.0000 val_acc=1.0000 | lr=3.00e-04
Epoch 055 | train_loss=0.0001 train_acc=1.0000 | val_loss=0.0000 val_acc=1.0000 | lr=3.00e-04
Epoch 060 | train_loss=0.0001 train_acc=1.0000 | val_loss=0.0000 val_acc=1.0000 | lr=3.00e-04
Epoch 065 | train_loss=0.0000 train_acc=1.0000 | val_loss=0.0000 val_acc=1.0000 | lr=3.00e-04
Epoch 070 | train_loss=0.0000 train_acc=1.0000 | val_loss=0.0000 val_acc=1.0000 | lr=3.00e-04
Epoch 075 | train_loss=0.0000 train_acc=1.0000 | val_loss=0.0000 val_acc=1.0000 | lr=3.00e-04
Early stopping at epoch 76 (best_epoch=51, best_val_loss=0.0000)
bcos_gcn_add_readout_then_agg | seed=2 | best_epoch=51 | ckpt=best_bcos_gcn_add_readout_then_agg_seed_2.pt | test_acc=1.0000 | test_clf_auroc=1.0000 | test_expl_auroc=0.9581 | test_jaccard=0.8036

Per-seed test metrics:
shape: (6, 9)
┌────────────┬──────┬────────────┬────────────┬───┬──────────┬────────────┬────────────┬───────────┐
│ experiment ┆ seed ┆ best_epoch ┆ best_val_l ┆ … ┆ test_acc ┆ test_clf_a ┆ test_expl_ ┆ test_jacc │
│ ---        ┆ ---  ┆ ---        ┆ oss        ┆   ┆ ---      ┆ uroc       ┆ auroc      ┆ ard       │
│ str        ┆ i64  ┆ i64        ┆ ---        ┆   ┆ f64      ┆ ---        ┆ ---        ┆ ---       │
│            ┆      ┆            ┆ f64        ┆   ┆          ┆ f64        ┆ f64        ┆ f64       │
╞════════════╪══════╪════════════╪════════════╪═══╪══════════╪════════════╪════════════╪═══════════╡
│ vanilla_gc ┆ 0    ┆ 42         ┆ 0.44009    ┆ … ┆ 0.83     ┆ 0.9017     ┆ NaN        ┆ NaN       │
│ n_add      ┆      ┆            ┆            ┆   ┆          ┆            ┆            ┆           │
│ vanilla_gc ┆ 1    ┆ 10         ┆ 0.541508   ┆ … ┆ 0.775    ┆ 0.8721     ┆ NaN        ┆ NaN       │
│ n_add      ┆      ┆            ┆            ┆   ┆          ┆            ┆            ┆           │
│ vanilla_gc ┆ 2    ┆ 47         ┆ 0.430134   ┆ … ┆ 0.78     ┆ 0.8826     ┆ NaN        ┆ NaN       │
│ n_add      ┆      ┆            ┆            ┆   ┆          ┆            ┆            ┆           │
│ bcos_gcn_a ┆ 0    ┆ 58         ┆ 0.000122   ┆ … ┆ 1.0      ┆ 1.0        ┆ 0.995374   ┆ 0.896667  │
│ dd_readout ┆      ┆            ┆            ┆   ┆          ┆            ┆            ┆           │
│ _then_agg  ┆      ┆            ┆            ┆   ┆          ┆            ┆            ┆           │
│ bcos_gcn_a ┆ 1    ┆ 41         ┆ 0.000109   ┆ … ┆ 1.0      ┆ 1.0        ┆ 0.898961   ┆ 0.746806  │
│ dd_readout ┆      ┆            ┆            ┆   ┆          ┆            ┆            ┆           │
│ _then_agg  ┆      ┆            ┆            ┆   ┆          ┆            ┆            ┆           │
│ bcos_gcn_a ┆ 2    ┆ 51         ┆ 0.000034   ┆ … ┆ 1.0      ┆ 1.0        ┆ 0.958092   ┆ 0.803571  │
│ dd_readout ┆      ┆            ┆            ┆   ┆          ┆            ┆            ┆           │
│ _then_agg  ┆      ┆            ┆            ┆   ┆          ┆            ┆            ┆           │
└────────────┴──────┴────────────┴────────────┴───┴──────────┴────────────┴────────────┴───────────┘

Mean ± std across seeds:
shape: (2, 11)
┌───────────┬───────────┬───────────┬───────────┬───┬───────────┬───────────┬───────────┬──────────┐
│ test_loss ┆ test_loss ┆ test_acc_ ┆ test_acc_ ┆ … ┆ test_expl ┆ test_jacc ┆ test_jacc ┆ experime │
│ _mean     ┆ _std      ┆ mean      ┆ std       ┆   ┆ _auroc_st ┆ ard_mean  ┆ ard_std   ┆ nt       │
│ ---       ┆ ---       ┆ ---       ┆ ---       ┆   ┆ d         ┆ ---       ┆ ---       ┆ ---      │
│ f64       ┆ f64       ┆ f64       ┆ f64       ┆   ┆ ---       ┆ f64       ┆ f64       ┆ str      │
│           ┆           ┆           ┆           ┆   ┆ f64       ┆           ┆           ┆          │
╞═══════════╪═══════════╪═══════════╪═══════════╪═══╪═══════════╪═══════════╪═══════════╪══════════╡
│ 0.431139  ┆ 0.02201   ┆ 0.795     ┆ 0.030414  ┆ … ┆ NaN       ┆ NaN       ┆ NaN       ┆ vanilla_ │
│           ┆           ┆           ┆           ┆   ┆           ┆           ┆           ┆ gcn_add  │
│ 0.000188  ┆ 0.000061  ┆ 1.0       ┆ 0.0       ┆ … ┆ 0.048617  ┆ 0.815681  ┆ 0.075661  ┆ bcos_gcn │
│           ┆           ┆           ┆           ┆   ┆           ┆           ┆           ┆ _add_rea │
│           ┆           ┆           ┆           ┆   ┆           ┆           ┆           ┆ dout_the │
│           ┆           ┆           ┆           ┆   ┆           ┆           ┆           ┆ n_agg    │
└───────────┴───────────┴───────────┴───────────┴───┴───────────┴───────────┴───────────┴──────────┘

Saved per-seed CSV: /home/moso00002/bcosgnn/bcosgnn/shaique_updates/codes/bcosified_gnns/results/gcn_ba2motif_all_seed_results.csv
Saved summary CSV: /home/moso00002/bcosgnn/bcosgnn/shaique_updates/codes/bcosified_gnns/results/gcn_ba2motif_summary_mean_std.csv
Saved combined CSV: /home/moso00002/bcosgnn/bcosgnn/shaique_updates/codes/bcosified_gnns/results/gcn_ba2motif_all_results_with_summary.csv

Completeness checks (best B-COS seeds):
- bcos_gcn_add_readout_then_agg: seed=0 | completeness_mae=1.18e-06 | graphs=200 | plot=/home/moso00002/bcosgnn/bcosgnn/shaique_updates/codes/bcosified_gnns/results/completeness_plots/completeness_bcos_gcn_add_readout_then_agg_seed_0.pdf
